// Jest Snapshot v1, https://goo.gl/fbAQLP

exports[`enhance should enhance csv with splits 1`] = `
[
  {
    "Action": "Market buy",
    "CurrencyFinraFee": "USD",
    "CurrencyPriceShare": "USD",
    "CurrencyResult": "USD",
    "CurrencyStampDutyReserveTax": "",
    "CurrencyTotal": "USD",
    "CurrencyTransactionFee": "USD",
    "CurrencyWithholdingTax": "",
    "ExchangeRate": "1",
    "FinraFee": "0.10",
    "ID": "111111",
    "ISIN": "US0378331005",
    "Name": "Apple Inc.",
    "NoOfShares": 3,
    "Notes": "",
    "PriceShare": 150,
    "Result": "",
    "StampDutyReserveTax": "",
    "Ticker": "AAPL",
    "Time": 2023-01-01T10:00:00.000Z,
    "Total": "1500.00",
    "TransactionFee": "0.50",
    "WithholdingTax": "",
  },
  {
    "Action": "Split",
    "CurrencyFinraFee": "",
    "CurrencyPriceShare": "",
    "CurrencyResult": "",
    "CurrencyStampDutyReserveTax": "",
    "CurrencyTotal": "",
    "CurrencyTransactionFee": "",
    "CurrencyWithholdingTax": "",
    "ExchangeRate": "",
    "FinraFee": "",
    "ID": "1",
    "ISIN": "",
    "Name": "AAPL Stock Split",
    "NoOfShares": 0,
    "Notes": "Stock split 1:3 Id: 1",
    "PriceShare": 0,
    "Result": "",
    "SplitFrom": 1,
    "SplitTo": 3,
    "StampDutyReserveTax": "",
    "Ticker": "AAPL",
    "Time": 2023-01-15T00:00:00.000Z,
    "Total": "",
    "TransactionFee": "",
    "WithholdingTax": "",
  },
  {
    "Action": "Market buy",
    "CurrencyFinraFee": "USD",
    "CurrencyPriceShare": "USD",
    "CurrencyResult": "USD",
    "CurrencyStampDutyReserveTax": "",
    "CurrencyTotal": "USD",
    "CurrencyTransactionFee": "USD",
    "CurrencyWithholdingTax": "",
    "ExchangeRate": "1",
    "FinraFee": "0.10",
    "ID": "111112",
    "ISIN": "US0378331005",
    "Name": "Apple Inc.",
    "NoOfShares": 1,
    "Notes": "",
    "PriceShare": 200,
    "Result": "",
    "StampDutyReserveTax": "",
    "Ticker": "AAPL",
    "Time": 2023-02-01T10:00:00.000Z,
    "Total": "1500.00",
    "TransactionFee": "0.50",
    "WithholdingTax": "",
  },
  {
    "Action": "Market sell",
    "CurrencyFinraFee": "USD",
    "CurrencyPriceShare": "USD",
    "CurrencyResult": "USD",
    "CurrencyStampDutyReserveTax": "",
    "CurrencyTotal": "USD",
    "CurrencyTransactionFee": "USD",
    "CurrencyWithholdingTax": "",
    "ExchangeRate": "1",
    "FinraFee": "0.10",
    "ID": "111113",
    "ISIN": "US0378331005",
    "Name": "Apple Inc.",
    "NoOfShares": 1,
    "Notes": "",
    "PriceShare": 175,
    "Result": "875.00",
    "StampDutyReserveTax": "",
    "Ticker": "AAPL",
    "Time": 2023-06-01T14:30:00.000Z,
    "Total": "875.00",
    "TransactionFee": "0.50",
    "WithholdingTax": "",
  },
  {
    "Action": "Limit sell",
    "CurrencyFinraFee": "USD",
    "CurrencyPriceShare": "USD",
    "CurrencyResult": "USD",
    "CurrencyStampDutyReserveTax": "",
    "CurrencyTotal": "USD",
    "CurrencyTransactionFee": "USD",
    "CurrencyWithholdingTax": "",
    "ExchangeRate": "1",
    "FinraFee": "0.10",
    "ID": "111114",
    "ISIN": "US0378331005",
    "Name": "Apple Inc.",
    "NoOfShares": 1,
    "Notes": "",
    "PriceShare": 185,
    "Result": "875.00",
    "StampDutyReserveTax": "",
    "Ticker": "AAPL",
    "Time": 2023-07-01T14:30:00.000Z,
    "Total": "875.00",
    "TransactionFee": "0.50",
    "WithholdingTax": "",
  },
]
`;
