// Jest Snapshot v1, https://goo.gl/fbAQLP

exports[`parseStockEvents should have all the stocks and marked sold shares 1`] = `
{
  "AAPL": [
    {
      "BuyDate": "2023-01-01T10:00:00.000Z",
      "BuyEventId": "111111",
      "BuyPrice": 75,
      "Notes": "Split 2x on 2023-04-01, before split",
      "SellDate": 2023-06-01T14:30:00.000Z,
      "SellEventId": "111115",
      "SellPrice": 175,
      "Ticker": "AAPL",
    },
    {
      "BuyDate": "2023-01-01T10:00:00.000Z",
      "BuyEventId": "111111",
      "BuyPrice": 75,
      "Notes": "Split 2x on 2023-04-01, before split",
      "SellDate": 2023-07-01T14:30:00.000Z,
      "SellEventId": "111116",
      "SellPrice": 185,
      "Ticker": "AAPL",
    },
    {
      "BuyDate": "2023-02-01T10:00:00.000Z",
      "BuyEventId": "111112",
      "BuyPrice": 100,
      "Notes": "Split 2x on 2023-04-01, before split",
      "Ticker": "AAPL",
    },
    {
      "BuyDate": "2023-02-01T10:00:00.000Z",
      "BuyEventId": "111112",
      "BuyPrice": 100,
      "Notes": "Split 2x on 2023-04-01, before split",
      "Ticker": "AAPL",
    },
    {
      "BuyDate": 2023-05-01T14:30:00.000Z,
      "BuyEventId": "111114",
      "BuyPrice": 200,
      "Notes": "bought after split",
      "Ticker": "AAPL",
    },
  ],
}
`;
